JVM Args:          
Run Args:          "--task", "MERGE_MAPPING", "--left", "/Users/manuelguillermety/Desktop/Manuel-Minecraft-Mod/MGModMDK/build/neoform/1.21.1-20240808.144430/config/joined.tsrg", "--right", "/Users/manuelguillermety/Desktop/Manuel-Minecraft-Mod/MGModMDK/.gradle/caches/minecraft/versions/1.21.1/client.txt", "--right-names", "right,left", "--classes", "--fields", "--methods", "--output", "/Users/manuelguillermety/Desktop/Manuel-Minecraft-Mod/MGModMDK/build/neoForm/neoFormJoined1.21.1-20240808.144430/steps/mergeMappings/output.jar"
JVM:               /Library/Java/JavaVirtualMachines/temurin-21.jdk/Contents/Home/bin/java
Classpath:         /Users/manuelguillermety/.gradle/caches/modules-2/files-2.1/net.neoforged.installertools/installertools/2.1.2/62740d5aa8f75f4a4d542d363bdda5b64a198f7a/installertools-2.1.2-fatjar.jar
Working Dir:       /Users/manuelguillermety/Desktop/Manuel-Minecraft-Mod/MGModMDK/build/neoForm/neoFormJoined1.21.1-20240808.144430/steps/mergeMappings
Main Class:        net.neoforged.installertools.ConsoleTool
Program log file:  /Users/manuelguillermety/Desktop/Manuel-Minecraft-Mod/MGModMDK/build/neoForm/neoFormJoined1.21.1-20240808.144430/steps/mergeMappings/log.log
Output file:       /Users/manuelguillermety/Desktop/Manuel-Minecraft-Mod/MGModMDK/build/neoForm/neoFormJoined1.21.1-20240808.144430/steps/mergeMappings/output.jar
Task: MERGE_MAPPING
Left:    /Users/manuelguillermety/Desktop/Manuel-Minecraft-Mod/MGModMDK/build/neoform/1.21.1-20240808.144430/config/joined.tsrg
         Reversed=false
         null
Right:   /Users/manuelguillermety/Desktop/Manuel-Minecraft-Mod/MGModMDK/.gradle/caches/minecraft/versions/1.21.1/client.txt
         Reversed=false
         right,left
Classes: true
Fields:  true
Methods: true
Params:  false
Output:  /Users/manuelguillermety/Desktop/Manuel-Minecraft-Mod/MGModMDK/build/neoForm/neoFormJoined1.21.1-20240808.144430/steps/mergeMappings/output.jar
