JVM Args:          
Run Args:          "--enable-accesstransformers", "--access-transformer", "/Users/manuelguillermety/Desktop/Manuel-Minecraft-Mod/MGModMDK/build/tmp/.cache/expanded/zip_43241ad9b0e98bda425414898ea19e2e/ats/accesstransformer.cfg", "--libraries-list=/Users/manuelguillermety/Desktop/Manuel-Minecraft-Mod/MGModMDK/build/neoForm/neoFormJoined1.21.1-20240808.144430/steps/listLibraries/libraries.txt", "/Users/manuelguillermety/Desktop/Manuel-Minecraft-Mod/MGModMDK/build/neoForm/neoFormJoined1.21.1-20240808.144430/steps/decompile/output.jar", "/Users/manuelguillermety/Desktop/Manuel-Minecraft-Mod/MGModMDK/build/neoForm/neoFormJoined1.21.1-20240808.144430/steps/applyForgesAccessTransformer/output.jar"
JVM:               /Library/Java/JavaVirtualMachines/temurin-21.jdk/Contents/Home/bin/java
Classpath:         /Users/manuelguillermety/.gradle/caches/modules-2/files-2.1/net.neoforged.jst/jst-cli-bundle/1.0.38/ab6b5c20d499db16a95ac57ad821ae22cd42d047/jst-cli-bundle-1.0.38.jar
Working Dir:       /Users/manuelguillermety/Desktop/Manuel-Minecraft-Mod/MGModMDK/build/neoForm/neoFormJoined1.21.1-20240808.144430/steps/applyForgesAccessTransformer
Main Class:        net.neoforged.jst.cli.Main
Program log file:  /Users/manuelguillermety/Desktop/Manuel-Minecraft-Mod/MGModMDK/build/neoForm/neoFormJoined1.21.1-20240808.144430/steps/applyForgesAccessTransformer/log.log
Output file:       /Users/manuelguillermety/Desktop/Manuel-Minecraft-Mod/MGModMDK/build/neoForm/neoFormJoined1.21.1-20240808.144430/steps/applyForgesAccessTransformer/output.jar
Added 69 modules from /Library/Java/JavaVirtualMachines/temurin-21.jdk/Contents/Home
Added /Users/manuelguillermety/.gradle/caches/minecraft/libraries/ca/weblite/java-objc-bridge/1.1/java-objc-bridge-1.1.jar
Added /Users/manuelguillermety/.gradle/caches/minecraft/libraries/com/github/oshi/oshi-core/6.4.10/oshi-core-6.4.10.jar
Added /Users/manuelguillermety/.gradle/caches/minecraft/libraries/com/google/code/gson/gson/2.10.1/gson-2.10.1.jar
Added /Users/manuelguillermety/.gradle/caches/minecraft/libraries/com/google/guava/failureaccess/1.0.1/failureaccess-1.0.1.jar
Added /Users/manuelguillermety/.gradle/caches/minecraft/libraries/com/google/guava/guava/32.1.2-jre/guava-32.1.2-jre.jar
Added /Users/manuelguillermety/.gradle/caches/minecraft/libraries/com/ibm/icu/icu4j/73.2/icu4j-73.2.jar
Added /Users/manuelguillermety/.gradle/caches/minecraft/libraries/com/mojang/authlib/6.0.54/authlib-6.0.54.jar
Added /Users/manuelguillermety/.gradle/caches/minecraft/libraries/com/mojang/blocklist/1.0.10/blocklist-1.0.10.jar
Added /Users/manuelguillermety/.gradle/caches/minecraft/libraries/com/mojang/brigadier/1.3.10/brigadier-1.3.10.jar
Added /Users/manuelguillermety/.gradle/caches/minecraft/libraries/com/mojang/datafixerupper/8.0.16/datafixerupper-8.0.16.jar
Added /Users/manuelguillermety/.gradle/caches/minecraft/libraries/com/mojang/logging/1.2.7/logging-1.2.7.jar
Added /Users/manuelguillermety/.gradle/caches/minecraft/libraries/com/mojang/patchy/2.2.10/patchy-2.2.10.jar
Added /Users/manuelguillermety/.gradle/caches/minecraft/libraries/com/mojang/text2speech/1.17.9/text2speech-1.17.9.jar
Added /Users/manuelguillermety/.gradle/caches/minecraft/libraries/commons-codec/commons-codec/1.16.0/commons-codec-1.16.0.jar
Added /Users/manuelguillermety/.gradle/caches/minecraft/libraries/commons-io/commons-io/2.15.1/commons-io-2.15.1.jar
Added /Users/manuelguillermety/.gradle/caches/minecraft/libraries/commons-logging/commons-logging/1.2/commons-logging-1.2.jar
Added /Users/manuelguillermety/.gradle/caches/minecraft/libraries/io/netty/netty-buffer/4.1.97.Final/netty-buffer-4.1.97.Final.jar
Added /Users/manuelguillermety/.gradle/caches/minecraft/libraries/io/netty/netty-codec/4.1.97.Final/netty-codec-4.1.97.Final.jar
Added /Users/manuelguillermety/.gradle/caches/minecraft/libraries/io/netty/netty-common/4.1.97.Final/netty-common-4.1.97.Final.jar
Added /Users/manuelguillermety/.gradle/caches/minecraft/libraries/io/netty/netty-handler/4.1.97.Final/netty-handler-4.1.97.Final.jar
Added /Users/manuelguillermety/.gradle/caches/minecraft/libraries/io/netty/netty-resolver/4.1.97.Final/netty-resolver-4.1.97.Final.jar
Added /Users/manuelguillermety/.gradle/caches/minecraft/libraries/io/netty/netty-transport-classes-epoll/4.1.97.Final/netty-transport-classes-epoll-4.1.97.Final.jar
Added /Users/manuelguillermety/.gradle/caches/minecraft/libraries/io/netty/netty-transport-native-epoll/4.1.97.Final/netty-transport-native-epoll-4.1.97.Final-linux-aarch_64.jar
Added /Users/manuelguillermety/.gradle/caches/minecraft/libraries/io/netty/netty-transport-native-epoll/4.1.97.Final/netty-transport-native-epoll-4.1.97.Final-linux-x86_64.jar
Added /Users/manuelguillermety/.gradle/caches/minecraft/libraries/io/netty/netty-transport-native-unix-common/4.1.97.Final/netty-transport-native-unix-common-4.1.97.Final.jar
Added /Users/manuelguillermety/.gradle/caches/minecraft/libraries/io/netty/netty-transport/4.1.97.Final/netty-transport-4.1.97.Final.jar
Added /Users/manuelguillermety/.gradle/caches/minecraft/libraries/it/unimi/dsi/fastutil/8.5.12/fastutil-8.5.12.jar
Added /Users/manuelguillermety/.gradle/caches/minecraft/libraries/net/java/dev/jna/jna-platform/5.14.0/jna-platform-5.14.0.jar
Added /Users/manuelguillermety/.gradle/caches/minecraft/libraries/net/java/dev/jna/jna/5.14.0/jna-5.14.0.jar
Added /Users/manuelguillermety/.gradle/caches/minecraft/libraries/net/sf/jopt-simple/jopt-simple/5.0.4/jopt-simple-5.0.4.jar
Added /Users/manuelguillermety/.gradle/caches/minecraft/libraries/org/apache/commons/commons-compress/1.26.0/commons-compress-1.26.0.jar
Added /Users/manuelguillermety/.gradle/caches/minecraft/libraries/org/apache/commons/commons-lang3/3.14.0/commons-lang3-3.14.0.jar
Added /Users/manuelguillermety/.gradle/caches/minecraft/libraries/org/apache/httpcomponents/httpclient/4.5.13/httpclient-4.5.13.jar
Added /Users/manuelguillermety/.gradle/caches/minecraft/libraries/org/apache/httpcomponents/httpcore/4.4.16/httpcore-4.4.16.jar
Added /Users/manuelguillermety/.gradle/caches/minecraft/libraries/org/apache/logging/log4j/log4j-api/2.22.1/log4j-api-2.22.1.jar
Added /Users/manuelguillermety/.gradle/caches/minecraft/libraries/org/apache/logging/log4j/log4j-core/2.22.1/log4j-core-2.22.1.jar
Added /Users/manuelguillermety/.gradle/caches/minecraft/libraries/org/apache/logging/log4j/log4j-slf4j2-impl/2.22.1/log4j-slf4j2-impl-2.22.1.jar
Added /Users/manuelguillermety/.gradle/caches/minecraft/libraries/org/jcraft/jorbis/0.0.17/jorbis-0.0.17.jar
Added /Users/manuelguillermety/.gradle/caches/minecraft/libraries/org/joml/joml/1.10.5/joml-1.10.5.jar
Added /Users/manuelguillermety/.gradle/caches/minecraft/libraries/org/lwjgl/lwjgl-freetype/3.3.3/lwjgl-freetype-3.3.3-natives-linux.jar
Added /Users/manuelguillermety/.gradle/caches/minecraft/libraries/org/lwjgl/lwjgl-freetype/3.3.3/lwjgl-freetype-3.3.3-natives-macos-arm64.jar
Added /Users/manuelguillermety/.gradle/caches/minecraft/libraries/org/lwjgl/lwjgl-freetype/3.3.3/lwjgl-freetype-3.3.3-natives-macos-patch.jar
Added /Users/manuelguillermety/.gradle/caches/minecraft/libraries/org/lwjgl/lwjgl-freetype/3.3.3/lwjgl-freetype-3.3.3-natives-windows-arm64.jar
Added /Users/manuelguillermety/.gradle/caches/minecraft/libraries/org/lwjgl/lwjgl-freetype/3.3.3/lwjgl-freetype-3.3.3-natives-windows-x86.jar
Added /Users/manuelguillermety/.gradle/caches/minecraft/libraries/org/lwjgl/lwjgl-freetype/3.3.3/lwjgl-freetype-3.3.3-natives-windows.jar
Added /Users/manuelguillermety/.gradle/caches/minecraft/libraries/org/lwjgl/lwjgl-freetype/3.3.3/lwjgl-freetype-3.3.3.jar
Added /Users/manuelguillermety/.gradle/caches/minecraft/libraries/org/lwjgl/lwjgl-glfw/3.3.3/lwjgl-glfw-3.3.3-natives-linux.jar
Added /Users/manuelguillermety/.gradle/caches/minecraft/libraries/org/lwjgl/lwjgl-glfw/3.3.3/lwjgl-glfw-3.3.3-natives-macos-arm64.jar
Added /Users/manuelguillermety/.gradle/caches/minecraft/libraries/org/lwjgl/lwjgl-glfw/3.3.3/lwjgl-glfw-3.3.3-natives-macos.jar
Added /Users/manuelguillermety/.gradle/caches/minecraft/libraries/org/lwjgl/lwjgl-glfw/3.3.3/lwjgl-glfw-3.3.3-natives-windows-arm64.jar
Added /Users/manuelguillermety/.gradle/caches/minecraft/libraries/org/lwjgl/lwjgl-glfw/3.3.3/lwjgl-glfw-3.3.3-natives-windows-x86.jar
Added /Users/manuelguillermety/.gradle/caches/minecraft/libraries/org/lwjgl/lwjgl-glfw/3.3.3/lwjgl-glfw-3.3.3-natives-windows.jar
Added /Users/manuelguillermety/.gradle/caches/minecraft/libraries/org/lwjgl/lwjgl-glfw/3.3.3/lwjgl-glfw-3.3.3.jar
Added /Users/manuelguillermety/.gradle/caches/minecraft/libraries/org/lwjgl/lwjgl-jemalloc/3.3.3/lwjgl-jemalloc-3.3.3-natives-linux.jar
Added /Users/manuelguillermety/.gradle/caches/minecraft/libraries/org/lwjgl/lwjgl-jemalloc/3.3.3/lwjgl-jemalloc-3.3.3-natives-macos-arm64.jar
Added /Users/manuelguillermety/.gradle/caches/minecraft/libraries/org/lwjgl/lwjgl-jemalloc/3.3.3/lwjgl-jemalloc-3.3.3-natives-macos.jar
Added /Users/manuelguillermety/.gradle/caches/minecraft/libraries/org/lwjgl/lwjgl-jemalloc/3.3.3/lwjgl-jemalloc-3.3.3-natives-windows-arm64.jar
Added /Users/manuelguillermety/.gradle/caches/minecraft/libraries/org/lwjgl/lwjgl-jemalloc/3.3.3/lwjgl-jemalloc-3.3.3-natives-windows-x86.jar
Added /Users/manuelguillermety/.gradle/caches/minecraft/libraries/org/lwjgl/lwjgl-jemalloc/3.3.3/lwjgl-jemalloc-3.3.3-natives-windows.jar
Added /Users/manuelguillermety/.gradle/caches/minecraft/libraries/org/lwjgl/lwjgl-jemalloc/3.3.3/lwjgl-jemalloc-3.3.3.jar
Added /Users/manuelguillermety/.gradle/caches/minecraft/libraries/org/lwjgl/lwjgl-openal/3.3.3/lwjgl-openal-3.3.3-natives-linux.jar
Added /Users/manuelguillermety/.gradle/caches/minecraft/libraries/org/lwjgl/lwjgl-openal/3.3.3/lwjgl-openal-3.3.3-natives-macos-arm64.jar
Added /Users/manuelguillermety/.gradle/caches/minecraft/libraries/org/lwjgl/lwjgl-openal/3.3.3/lwjgl-openal-3.3.3-natives-macos.jar
Added /Users/manuelguillermety/.gradle/caches/minecraft/libraries/org/lwjgl/lwjgl-openal/3.3.3/lwjgl-openal-3.3.3-natives-windows-arm64.jar
Added /Users/manuelguillermety/.gradle/caches/minecraft/libraries/org/lwjgl/lwjgl-openal/3.3.3/lwjgl-openal-3.3.3-natives-windows-x86.jar
Added /Users/manuelguillermety/.gradle/caches/minecraft/libraries/org/lwjgl/lwjgl-openal/3.3.3/lwjgl-openal-3.3.3-natives-windows.jar
Added /Users/manuelguillermety/.gradle/caches/minecraft/libraries/org/lwjgl/lwjgl-openal/3.3.3/lwjgl-openal-3.3.3.jar
Added /Users/manuelguillermety/.gradle/caches/minecraft/libraries/org/lwjgl/lwjgl-opengl/3.3.3/lwjgl-opengl-3.3.3-natives-linux.jar
Added /Users/manuelguillermety/.gradle/caches/minecraft/libraries/org/lwjgl/lwjgl-opengl/3.3.3/lwjgl-opengl-3.3.3-natives-macos-arm64.jar
Added /Users/manuelguillermety/.gradle/caches/minecraft/libraries/org/lwjgl/lwjgl-opengl/3.3.3/lwjgl-opengl-3.3.3-natives-macos.jar
Added /Users/manuelguillermety/.gradle/caches/minecraft/libraries/org/lwjgl/lwjgl-opengl/3.3.3/lwjgl-opengl-3.3.3-natives-windows-arm64.jar
Added /Users/manuelguillermety/.gradle/caches/minecraft/libraries/org/lwjgl/lwjgl-opengl/3.3.3/lwjgl-opengl-3.3.3-natives-windows-x86.jar
Added /Users/manuelguillermety/.gradle/caches/minecraft/libraries/org/lwjgl/lwjgl-opengl/3.3.3/lwjgl-opengl-3.3.3-natives-windows.jar
Added /Users/manuelguillermety/.gradle/caches/minecraft/libraries/org/lwjgl/lwjgl-opengl/3.3.3/lwjgl-opengl-3.3.3.jar
Added /Users/manuelguillermety/.gradle/caches/minecraft/libraries/org/lwjgl/lwjgl-stb/3.3.3/lwjgl-stb-3.3.3-natives-linux.jar
Added /Users/manuelguillermety/.gradle/caches/minecraft/libraries/org/lwjgl/lwjgl-stb/3.3.3/lwjgl-stb-3.3.3-natives-macos-arm64.jar
Added /Users/manuelguillermety/.gradle/caches/minecraft/libraries/org/lwjgl/lwjgl-stb/3.3.3/lwjgl-stb-3.3.3-natives-macos.jar
Added /Users/manuelguillermety/.gradle/caches/minecraft/libraries/org/lwjgl/lwjgl-stb/3.3.3/lwjgl-stb-3.3.3-natives-windows-arm64.jar
Added /Users/manuelguillermety/.gradle/caches/minecraft/libraries/org/lwjgl/lwjgl-stb/3.3.3/lwjgl-stb-3.3.3-natives-windows-x86.jar
Added /Users/manuelguillermety/.gradle/caches/minecraft/libraries/org/lwjgl/lwjgl-stb/3.3.3/lwjgl-stb-3.3.3-natives-windows.jar
Added /Users/manuelguillermety/.gradle/caches/minecraft/libraries/org/lwjgl/lwjgl-stb/3.3.3/lwjgl-stb-3.3.3.jar
Added /Users/manuelguillermety/.gradle/caches/minecraft/libraries/org/lwjgl/lwjgl-tinyfd/3.3.3/lwjgl-tinyfd-3.3.3-natives-linux.jar
Added /Users/manuelguillermety/.gradle/caches/minecraft/libraries/org/lwjgl/lwjgl-tinyfd/3.3.3/lwjgl-tinyfd-3.3.3-natives-macos-arm64.jar
Added /Users/manuelguillermety/.gradle/caches/minecraft/libraries/org/lwjgl/lwjgl-tinyfd/3.3.3/lwjgl-tinyfd-3.3.3-natives-macos.jar
Added /Users/manuelguillermety/.gradle/caches/minecraft/libraries/org/lwjgl/lwjgl-tinyfd/3.3.3/lwjgl-tinyfd-3.3.3-natives-windows-arm64.jar
Added /Users/manuelguillermety/.gradle/caches/minecraft/libraries/org/lwjgl/lwjgl-tinyfd/3.3.3/lwjgl-tinyfd-3.3.3-natives-windows-x86.jar
Added /Users/manuelguillermety/.gradle/caches/minecraft/libraries/org/lwjgl/lwjgl-tinyfd/3.3.3/lwjgl-tinyfd-3.3.3-natives-windows.jar
Added /Users/manuelguillermety/.gradle/caches/minecraft/libraries/org/lwjgl/lwjgl-tinyfd/3.3.3/lwjgl-tinyfd-3.3.3.jar
Added /Users/manuelguillermety/.gradle/caches/minecraft/libraries/org/lwjgl/lwjgl/3.3.3/lwjgl-3.3.3-natives-linux.jar
Added /Users/manuelguillermety/.gradle/caches/minecraft/libraries/org/lwjgl/lwjgl/3.3.3/lwjgl-3.3.3-natives-macos-arm64.jar
Added /Users/manuelguillermety/.gradle/caches/minecraft/libraries/org/lwjgl/lwjgl/3.3.3/lwjgl-3.3.3-natives-macos.jar
Added /Users/manuelguillermety/.gradle/caches/minecraft/libraries/org/lwjgl/lwjgl/3.3.3/lwjgl-3.3.3-natives-windows-arm64.jar
Added /Users/manuelguillermety/.gradle/caches/minecraft/libraries/org/lwjgl/lwjgl/3.3.3/lwjgl-3.3.3-natives-windows-x86.jar
Added /Users/manuelguillermety/.gradle/caches/minecraft/libraries/org/lwjgl/lwjgl/3.3.3/lwjgl-3.3.3-natives-windows.jar
Added /Users/manuelguillermety/.gradle/caches/minecraft/libraries/org/lwjgl/lwjgl/3.3.3/lwjgl-3.3.3.jar
Added /Users/manuelguillermety/.gradle/caches/minecraft/libraries/org/lz4/lz4-java/1.8.0/lz4-java-1.8.0.jar
Added /Users/manuelguillermety/.gradle/caches/minecraft/libraries/org/slf4j/slf4j-api/2.0.9/slf4j-api-2.0.9.jar
